../Core/Src/main.c:131:6:HAL_TIM_IC_CaptureCallback	24	static
../Core/Src/main.c:215:6:acces_measure	32	static
../Core/Src/main.c:232:6:motor_compare_pid	4	static
../Core/Src/main.c:242:6:pid_control	16	static
../Core/Src/main.c:270:5:main	16	static
../Core/Src/main.c:362:6:SystemClock_Config	88	static
../Core/Src/main.c:408:13:MX_SPI1_Init	8	static
../Core/Src/main.c:446:13:MX_TIM1_Init	48	static
../Core/Src/main.c:518:13:MX_TIM2_Init	48	static
../Core/Src/main.c:579:13:MX_USART1_UART_Init	8	static
../Core/Src/main.c:612:13:MX_USART3_UART_Init	8	static
../Core/Src/main.c:645:13:MX_GPIO_Init	48	static
../Core/Src/main.c:702:6:HAL_GPIO_EXTI_Callback	16	static
../Core/Src/main.c:714:6:drone_motor_output_pid	4	static
../Core/Src/main.c:724:10:degree_change_percentage	16	static
../Core/Src/main.c:729:6:tim_start	8	static
../Core/Src/main.c:737:6:stabilize_drone_mode	8	static
../Core/Src/main.c:760:6:stabilize_motor_output	4	static
../Core/Src/main.c:771:10:receiver_value_change	32	static
../Core/Src/main.c:778:6:motor_value_control	16	static
../Core/Src/main.c:800:6:Error_Handler	4	static
